../Drivers/BSP/B-L4S5I-IOT01/stm32l4s5i_iot01.c:128:10:BSP_GetVersion	4	static
../Drivers/BSP/B-L4S5I-IOT01/stm32l4s5i_iot01.c:139:6:BSP_LED_Init	40	static
../Drivers/BSP/B-L4S5I-IOT01/stm32l4s5i_iot01.c:159:6:BSP_LED_DeInit	40	static
../Drivers/BSP/B-L4S5I-IOT01/stm32l4s5i_iot01.c:177:6:BSP_LED_On	16	static
../Drivers/BSP/B-L4S5I-IOT01/stm32l4s5i_iot01.c:188:6:BSP_LED_Off	16	static
../Drivers/BSP/B-L4S5I-IOT01/stm32l4s5i_iot01.c:199:6:BSP_LED_Toggle	16	static
../Drivers/BSP/B-L4S5I-IOT01/stm32l4s5i_iot01.c:215:6:BSP_PB_Init	40	static
../Drivers/BSP/B-L4S5I-IOT01/stm32l4s5i_iot01.c:256:6:BSP_PB_DeInit	40	static
../Drivers/BSP/B-L4S5I-IOT01/stm32l4s5i_iot01.c:273:10:BSP_PB_GetState	16	static
../Drivers/BSP/B-L4S5I-IOT01/stm32l4s5i_iot01.c:286:6:BSP_COM_Init	48	static
../Drivers/BSP/B-L4S5I-IOT01/stm32l4s5i_iot01.c:324:6:BSP_COM_DeInit	16	static
../Drivers/BSP/B-L4S5I-IOT01/stm32l4s5i_iot01.c:351:13:I2Cx_MspInit	48	static
../Drivers/BSP/B-L4S5I-IOT01/stm32l4s5i_iot01.c:393:13:I2Cx_MspDeInit	40	static
../Drivers/BSP/B-L4S5I-IOT01/stm32l4s5i_iot01.c:412:13:I2Cx_Init	16	static
../Drivers/BSP/B-L4S5I-IOT01/stm32l4s5i_iot01.c:437:13:I2Cx_DeInit	16	static
../Drivers/BSP/B-L4S5I-IOT01/stm32l4s5i_iot01.c:453:26:I2Cx_ReadMultiple	48	static
../Drivers/BSP/B-L4S5I-IOT01/stm32l4s5i_iot01.c:479:26:I2Cx_WriteMultiple	48	static
../Drivers/BSP/B-L4S5I-IOT01/stm32l4s5i_iot01.c:502:26:I2Cx_IsDeviceReady	24	static
../Drivers/BSP/B-L4S5I-IOT01/stm32l4s5i_iot01.c:513:13:I2Cx_Error	16	static
../Drivers/BSP/B-L4S5I-IOT01/stm32l4s5i_iot01.c:535:6:SENSOR_IO_Init	8	static
../Drivers/BSP/B-L4S5I-IOT01/stm32l4s5i_iot01.c:544:6:SENSOR_IO_DeInit	8	static
../Drivers/BSP/B-L4S5I-IOT01/stm32l4s5i_iot01.c:556:6:SENSOR_IO_Write	24	static
../Drivers/BSP/B-L4S5I-IOT01/stm32l4s5i_iot01.c:567:9:SENSOR_IO_Read	32	static
../Drivers/BSP/B-L4S5I-IOT01/stm32l4s5i_iot01.c:585:10:SENSOR_IO_ReadMultiple	24	static
../Drivers/BSP/B-L4S5I-IOT01/stm32l4s5i_iot01.c:599:6:SENSOR_IO_WriteMultiple	24	static
../Drivers/BSP/B-L4S5I-IOT01/stm32l4s5i_iot01.c:611:19:SENSOR_IO_IsDeviceReady	16	static
../Drivers/BSP/B-L4S5I-IOT01/stm32l4s5i_iot01.c:621:6:SENSOR_IO_Delay	16	static
../Drivers/BSP/B-L4S5I-IOT01/stm32l4s5i_iot01.c:633:10:NFC_IO_Init	32	static
../Drivers/BSP/B-L4S5I-IOT01/stm32l4s5i_iot01.c:677:10:NFC_IO_DeInit	8	static
../Drivers/BSP/B-L4S5I-IOT01/stm32l4s5i_iot01.c:689:10:NFC_IO_IsDeviceReady	32	static
../Drivers/BSP/B-L4S5I-IOT01/stm32l4s5i_iot01.c:723:9:NFC_IO_WriteReg16	48	static
../Drivers/BSP/B-L4S5I-IOT01/stm32l4s5i_iot01.c:756:10:NFC_IO_ReadReg16	48	static
../Drivers/BSP/B-L4S5I-IOT01/stm32l4s5i_iot01.c:786:10:NFC_IO_Tick	8	static
