../Core/Src/main.c:107:5:main	8	static
../Core/Src/main.c:165:12:wifi_start	40	static
../Core/Src/main.c:198:5:wifi_connect	24	static
../Core/Src/main.c:238:5:wifi_server	48	static
../Core/Src/main.c:298:13:WebServerProcess	32	static
../Core/Src/main.c:379:22:SendWebPage	56	static
../Core/Src/main.c:447:6:SystemClock_Config	96	static
../Core/Src/main.c:493:13:MX_DAC1_Init	48	static
../Core/Src/main.c:521:13:MX_GPIO_Init	16	static
../Core/Src/main.c:531:6:Button_Reset	4	static
../Core/Src/main.c:539:9:Button_WaitForPush	24	static
../Core/Src/main.c:562:1:__io_putchar	16	static
../Core/Src/main.c:604:1:__io_getchar	16	static
../Core/Src/main.c:644:6:HAL_GPIO_EXTI_Callback	16	static
../Core/Src/main.c:670:6:SPI3_IRQHandler	8	static
../Core/Src/main.c:678:13:Button_ISR	4	static
../Core/Src/main.c:687:6:Error_Handler	4	static,ignoring_inline_asm
