../Core/Src/main.c:95:5:main	8	static
../Core/Src/main.c:141:12:wifi_start	40	static
../Core/Src/main.c:174:5:wifi_connect	24	static
../Core/Src/main.c:214:5:wifi_server	40	static
../Core/Src/main.c:262:13:WebServerProcess	32	static
../Core/Src/main.c:341:22:SendWebPage	96	static
../Core/Src/main.c:401:13:SystemClock_Config	96	static
../Core/Src/main.c:442:6:Button_Reset	4	static
../Core/Src/main.c:450:9:Button_WaitForPush	24	static
../Core/Src/main.c:473:1:__io_putchar	16	static
../Core/Src/main.c:515:1:__io_getchar	16	static
../Core/Src/main.c:555:6:HAL_GPIO_EXTI_Callback	16	static
../Core/Src/main.c:581:6:SPI3_IRQHandler	8	static
../Core/Src/main.c:589:13:Button_ISR	4	static
