../Core/Src/stm32l4xx_it.c:44:6:NMI_Handler	4	static
../Core/Src/stm32l4xx_it.c:53:6:HardFault_Handler	4	static
../Core/Src/stm32l4xx_it.c:66:6:MemManage_Handler	4	static
../Core/Src/stm32l4xx_it.c:79:6:BusFault_Handler	4	static
../Core/Src/stm32l4xx_it.c:92:6:UsageFault_Handler	4	static
../Core/Src/stm32l4xx_it.c:105:6:SVC_Handler	4	static
../Core/Src/stm32l4xx_it.c:114:6:DebugMon_Handler	4	static
../Core/Src/stm32l4xx_it.c:123:6:PendSV_Handler	4	static
../Core/Src/stm32l4xx_it.c:132:6:SysTick_Handler	8	static
../Core/Src/stm32l4xx_it.c:156:6:EXTI1_IRQHandler	8	static
../Core/Src/stm32l4xx_it.c:161:6:TIM6_DAC_IRQHandler	8	static
