../Core/Src/main.c:103:5:main	8	static
../Core/Src/main.c:149:12:wifi_start	40	static
../Core/Src/main.c:182:5:wifi_connect	32	static
../Core/Src/main.c:223:5:wifi_server	40	static
../Core/Src/main.c:271:13:WebServerProcess	32	static
../Core/Src/main.c:350:22:SendWebPage	96	static
../Core/Src/main.c:410:13:SystemClock_Config	96	static
../Core/Src/main.c:451:6:Button_Reset	4	static
../Core/Src/main.c:459:9:Button_WaitForPush	24	static
../Core/Src/main.c:482:1:__io_putchar	16	static
../Core/Src/main.c:524:1:__io_getchar	16	static
../Core/Src/main.c:564:6:HAL_GPIO_EXTI_Callback	16	static
../Core/Src/main.c:590:6:SPI3_IRQHandler	8	static
../Core/Src/main.c:598:13:Button_ISR	4	static
